// Jest Snapshot v1, https://goo.gl/fbAQLP

exports[`renders correctly 1`] = `
[
  <View
    style={
      {
        "alignItems": "center",
        "flexDirection": "row",
      }
    }
  >
    <Text>
      Child weight:
    </Text>
    <TextInput
      keyboardType="numeric"
      onChangeText={[Function]}
      placeholder="Enter weight..."
      placeholderTextColor="#aaa"
      style={
        {
          "borderBottomWidth": 1,
          "borderColor": "#ccc",
          "fontSize": 16,
          "marginLeft": 5,
          "padding": 5,
        }
      }
      value="20"
    />
  </View>,
  <View
    accessibilityLabel="weight-selector"
    style={
      [
        {
          "flexDirection": "row",
        },
        {
          "padding": 3,
          "width": 100,
        },
      ]
    }
    testID="weight-selector"
  >
    <View
      onMoveShouldSetResponder={[Function]}
      onMoveShouldSetResponderCapture={[Function]}
      onResponderEnd={[Function]}
      onResponderGrant={[Function]}
      onResponderMove={[Function]}
      onResponderReject={[Function]}
      onResponderRelease={[Function]}
      onResponderStart={[Function]}
      onResponderTerminate={[Function]}
      onResponderTerminationRequest={[Function]}
      onStartShouldSetResponder={[Function]}
      onStartShouldSetResponderCapture={[Function]}
      style={
        {
          "flex": 1,
        }
      }
    >
      <View
        onLayout={[Function]}
        style={
          {
            "backgroundColor": "#f6bdc0",
            "borderRadius": 50,
            "height": 40,
          }
        }
      >
        <View
          style={
            {
              "alignItems": "center",
              "borderColor": "#C9C9C9",
              "borderRadius": 50,
              "borderWidth": 0,
              "flex": 1,
              "flexDirection": "row",
            }
          }
        >
          <View
            accessibilityLabel="switch-to-kg"
            accessibilityState={
              {
                "busy": undefined,
                "checked": undefined,
                "disabled": undefined,
                "expanded": undefined,
                "selected": undefined,
              }
            }
            accessibilityValue={
              {
                "max": undefined,
                "min": undefined,
                "now": undefined,
                "text": undefined,
              }
            }
            accessible={true}
            collapsable={false}
            focusable={true}
            onClick={[Function]}
            onResponderGrant={[Function]}
            onResponderMove={[Function]}
            onResponderRelease={[Function]}
            onResponderTerminate={[Function]}
            onResponderTerminationRequest={[Function]}
            onStartShouldSetResponder={[Function]}
            style={
              {
                "alignItems": "center",
                "flex": 1,
                "flexDirection": "row",
                "justifyContent": "center",
                "opacity": 1,
              }
            }
          >
            <Text
              style={
                [
                  {
                    "backgroundColor": "transparent",
                    "color": "#fff",
                    "fontSize": 14,
                    "fontWeight": "normal",
                    "textAlign": "center",
                  },
                  {
                    "fontWeight": "bold",
                    "textShadowColor": "#031F72",
                    "textShadowOffset": {
                      "height": 1,
                      "width": 1,
                    },
                    "textShadowRadius": 2,
                  },
                ]
              }
            >
              kg
            </Text>
          </View>
          <View
            accessibilityLabel="switch-to-lb"
            accessibilityState={
              {
                "busy": undefined,
                "checked": undefined,
                "disabled": undefined,
                "expanded": undefined,
                "selected": undefined,
              }
            }
            accessibilityValue={
              {
                "max": undefined,
                "min": undefined,
                "now": undefined,
                "text": undefined,
              }
            }
            accessible={true}
            collapsable={false}
            focusable={true}
            onClick={[Function]}
            onResponderGrant={[Function]}
            onResponderMove={[Function]}
            onResponderRelease={[Function]}
            onResponderTerminate={[Function]}
            onResponderTerminationRequest={[Function]}
            onStartShouldSetResponder={[Function]}
            style={
              {
                "alignItems": "center",
                "flex": 1,
                "flexDirection": "row",
                "justifyContent": "center",
                "opacity": 1,
              }
            }
          >
            <Text
              style={
                [
                  {
                    "backgroundColor": "transparent",
                    "color": "#333",
                    "fontSize": 14,
                    "fontWeight": "normal",
                    "textAlign": "center",
                  },
                  {},
                ]
              }
            >
              lb
            </Text>
          </View>
        </View>
      </View>
    </View>
  </View>,
]
`;
